// Jest Snapshot v1, https://goo.gl/fbAQLP

exports[`Om den avdøde Snapshot 1`] = `
<div>
  <form>
    <fieldset
      aria-invalid="false"
      class="skjemagruppe"
    >
      <h1
        class="center navds-title navds-title--m"
      >
        dinSituasjon.tittel
      </h1>
      <div
        aria-live="polite"
      />
    </fieldset>
    <fieldset
      aria-invalid="false"
      class="skjemagruppe"
    >
      <h1
        class="navds-title navds-title--s"
      >
        dinSituasjon.undertittel
      </h1>
      <p
        class="navds-body-long"
      >
        dinSituasjon.ingress
      </p>
      <div
        aria-live="polite"
      />
    </fieldset>
    <fieldset
      aria-invalid="false"
      class="skjemagruppe checkboxgruppe inputPanelGruppe"
    >
      <legend
        class="skjemagruppe__legend"
      >
        dinSituasjon.jobbStatus
      </legend>
      <label
        class="inputPanel checkboksPanel inputPanel--checked"
      >
        <input
          aria-checked="true"
          aria-invalid="false"
          checked=""
          class="inputPanel__field"
          type="checkbox"
          value="jobbStatus.arbeidstaker"
        />
        <span
          class="inputPanel__label"
        >
          jobbStatus.arbeidstaker
        </span>
      </label>
      <label
        class="inputPanel checkboksPanel"
      >
        <input
          aria-checked="false"
          aria-invalid="false"
          class="inputPanel__field"
          type="checkbox"
          value="jobbStatus.selvstendig"
        />
        <span
          class="inputPanel__label"
        >
          jobbStatus.selvstendig
        </span>
      </label>
      <label
        class="inputPanel checkboksPanel"
      >
        <input
          aria-checked="false"
          aria-invalid="false"
          class="inputPanel__field"
          type="checkbox"
          value="jobbStatus.underUtdanning"
        />
        <span
          class="inputPanel__label"
        >
          jobbStatus.underUtdanning
        </span>
      </label>
      <label
        class="inputPanel checkboksPanel"
      >
        <input
          aria-checked="false"
          aria-invalid="false"
          class="inputPanel__field"
          type="checkbox"
          value="jobbStatus.ingen"
        />
        <span
          class="inputPanel__label"
        >
          jobbStatus.ingen
        </span>
      </label>
      <div
        aria-live="polite"
      />
    </fieldset>
    <fieldset
      aria-invalid="false"
      class="skjemagruppe skjemagruppering"
    >
      <fieldset
        aria-invalid="false"
        class="skjemagruppe"
      >
        <h1
          class="navds-title navds-title--s"
        >
          dinSituasjon.arbeidsforhold.tittel
        </h1>
        <div
          aria-live="polite"
        />
      </fieldset>
      <div
        class="navds-panel luft-under navds-panel--border"
      >
        <div
          class="kol-75"
        >
          <div
            class="skjemaelement"
          >
            <label
              class="skjemaelement__label"
              for="arbeidsforhold[0].arbeidsgiver"
            >
              dinSituasjon.arbeidsforhold.arbeidsgiver
            </label>
            <input
              aria-invalid="false"
              class="skjemaelement__input input--fullbredde"
              id="arbeidsforhold[0].arbeidsgiver"
              type="text"
              value="Potetskreller AS"
            />
          </div>
        </div>
        <fieldset
          aria-invalid="false"
          class="skjemagruppe rad"
        >
          <div
            id="arbeidsforhold[0].ansettelsesforhold"
          >
            <div
              class="skjemaelement"
            >
              <label
                class="skjemaelement__label"
              >
                dinSituasjon.arbeidsforhold.ansettelsesforhold
              </label>
              <div
                class="selectContainer input--l"
              >
                <select
                  aria-invalid="false"
                  class="skjemaelement__input"
                >
                  <option>
                    Velg ...
                  </option>
                  <option
                    value="stillingType.fast"
                  >
                    stillingType.fast
                  </option>
                  <option
                    value="stillingType.midlertidig"
                  >
                    stillingType.midlertidig
                  </option>
                  <option
                    value="stillingType.sesongarbeid"
                  >
                    stillingType.sesongarbeid
                  </option>
                </select>
              </div>
            </div>
          </div>
          <div
            class="skjemaelement"
          >
            <label
              class="skjemaelement__label"
              for="arbeidsforhold[0].stillingsprosent"
            >
              dinSituasjon.arbeidsforhold.stillingsprosent
            </label>
            <input
              aria-invalid="false"
              class="skjemaelement__input input--fullbredde"
              id="arbeidsforhold[0].stillingsprosent"
              placeholder="dinSituasjon.arbeidsforhold.stillingsprosentPlaceholder"
              type="text"
              value="100%"
            />
          </div>
          <div
            aria-live="polite"
          />
        </fieldset>
        <div
          id="arbeidsforhold[0].forventerEndretInntekt.svar"
        >
          <fieldset
            aria-invalid="false"
            class="skjemagruppe inputPanelGruppe inline"
          >
            <legend
              class="skjemagruppe__legend"
            >
              dinSituasjon.arbeidsforhold.forventerEndretInntekt.svar
            </legend>
            <div
              class="inputPanelGruppe__inner"
            >
              <label
                class="inputPanel radioPanel inputPanel--checked"
              >
                <input
                  aria-checked="true"
                  aria-invalid="false"
                  checked=""
                  class="inputPanel__field"
                  name="arbeidsforhold[0].forventerEndretInntekt.svar"
                  type="radio"
                  value="Ja"
                />
                <span
                  class="inputPanel__label"
                >
                  Ja
                </span>
              </label>
              <label
                class="inputPanel radioPanel"
              >
                <input
                  aria-checked="false"
                  aria-invalid="false"
                  class="inputPanel__field"
                  name="arbeidsforhold[0].forventerEndretInntekt.svar"
                  type="radio"
                  value="Nei"
                />
                <span
                  class="inputPanel__label"
                >
                  Nei
                </span>
              </label>
              <label
                class="inputPanel radioPanel"
              >
                <input
                  aria-checked="false"
                  aria-invalid="false"
                  class="inputPanel__field"
                  name="arbeidsforhold[0].forventerEndretInntekt.svar"
                  type="radio"
                  value="Vet ikke"
                />
                <span
                  class="inputPanel__label"
                >
                  Vet ikke
                </span>
              </label>
            </div>
            <div
              aria-live="polite"
            />
          </fieldset>
        </div>
        <div
          class="skjemaelement"
        >
          <label
            class="skjemaelement__label"
            for="arbeidsforhold[0].forventerEndretInntekt.beskrivelse"
          >
            dinSituasjon.arbeidsforhold.forventerEndretInntekt.beskrivelse
          </label>
          <input
            aria-invalid="false"
            class="skjemaelement__input input--s"
            id="arbeidsforhold[0].forventerEndretInntekt.beskrivelse"
            type="text"
            value="150 000"
          />
        </div>
      </div>
      <button
        class="navds-button navds-button--secondary navds-button--m navds-body-short"
        type="button"
      >
        + 
        knapp.leggTil
      </button>
      <div
        aria-live="polite"
      />
    </fieldset>
    <fieldset
      aria-invalid="false"
      class="skjemagruppe skjemagruppering"
    >
      <div
        id="utdanning.hoyesteFullfoerteUtdanning"
      >
        <fieldset
          aria-invalid="false"
          class="skjemagruppe inputPanelGruppe"
        >
          <legend
            class="skjemagruppe__legend"
          >
            dinSituasjon.utdanning.hoyesteFullfoerteUtdanning
          </legend>
          <div
            class="inputPanelGruppe__inner"
          >
            <label
              class="inputPanel radioPanel"
            >
              <input
                aria-checked="false"
                aria-invalid="false"
                class="inputPanel__field"
                name="utdanning.hoyesteFullfoerteUtdanning"
                type="radio"
                value="utdanning.grunnskole"
              />
              <span
                class="inputPanel__label"
              >
                utdanning.grunnskole
              </span>
            </label>
            <label
              class="inputPanel radioPanel"
            >
              <input
                aria-checked="false"
                aria-invalid="false"
                class="inputPanel__field"
                name="utdanning.hoyesteFullfoerteUtdanning"
                type="radio"
                value="utdanning.videregående"
              />
              <span
                class="inputPanel__label"
              >
                utdanning.videregående
              </span>
            </label>
            <label
              class="inputPanel radioPanel"
            >
              <input
                aria-checked="false"
                aria-invalid="false"
                class="inputPanel__field"
                name="utdanning.hoyesteFullfoerteUtdanning"
                type="radio"
                value="utdanning.bachelorgrad"
              />
              <span
                class="inputPanel__label"
              >
                utdanning.bachelorgrad
              </span>
            </label>
            <label
              class="inputPanel radioPanel inputPanel--checked"
            >
              <input
                aria-checked="true"
                aria-invalid="false"
                checked=""
                class="inputPanel__field"
                name="utdanning.hoyesteFullfoerteUtdanning"
                type="radio"
                value="utdanning.mastergrad"
              />
              <span
                class="inputPanel__label"
              >
                utdanning.mastergrad
              </span>
            </label>
            <label
              class="inputPanel radioPanel"
            >
              <input
                aria-checked="false"
                aria-invalid="false"
                class="inputPanel__field"
                name="utdanning.hoyesteFullfoerteUtdanning"
                type="radio"
                value="utdanning.ingen"
              />
              <span
                class="inputPanel__label"
              >
                utdanning.ingen
              </span>
            </label>
            <label
              class="inputPanel radioPanel"
            >
              <input
                aria-checked="false"
                aria-invalid="false"
                class="inputPanel__field"
                name="utdanning.hoyesteFullfoerteUtdanning"
                type="radio"
                value="utdanning.annen"
              />
              <span
                class="inputPanel__label"
              >
                utdanning.annen
              </span>
            </label>
          </div>
          <div
            aria-live="polite"
          />
        </fieldset>
      </div>
      <div
        aria-live="polite"
      />
    </fieldset>
    <fieldset
      aria-invalid="false"
      class="skjemagruppe skjemagruppering"
    >
      <fieldset
        aria-invalid="false"
        class="skjemagruppe"
      >
        <h1
          class="navds-title navds-title--s"
        >
          dinSituasjon.andreYtelser.tittel
        </h1>
        <p
          class="navds-body-long"
        >
          dinSituasjon.andreYtelser.ingress
        </p>
        <div
          aria-live="polite"
        />
      </fieldset>
      <div
        id="andreYtelser.kravOmAnnenStonad.svar"
      >
        <fieldset
          aria-invalid="false"
          class="skjemagruppe inputPanelGruppe inline"
        >
          <legend
            class="skjemagruppe__legend"
          >
            dinSituasjon.andreYtelser.kravOmAnnenStonad.svar
          </legend>
          <div
            class="inputPanelGruppe__inner"
          >
            <label
              class="inputPanel radioPanel inputPanel--checked"
            >
              <input
                aria-checked="true"
                aria-invalid="false"
                checked=""
                class="inputPanel__field"
                name="andreYtelser.kravOmAnnenStonad.svar"
                type="radio"
                value="Ja"
              />
              <span
                class="inputPanel__label"
              >
                Ja
              </span>
            </label>
            <label
              class="inputPanel radioPanel"
            >
              <input
                aria-checked="false"
                aria-invalid="false"
                class="inputPanel__field"
                name="andreYtelser.kravOmAnnenStonad.svar"
                type="radio"
                value="Nei"
              />
              <span
                class="inputPanel__label"
              >
                Nei
              </span>
            </label>
          </div>
          <div
            aria-live="polite"
          />
        </fieldset>
      </div>
      <div>
        <div
          class="skjemaelement"
        >
          <label
            class="skjemaelement__label"
            for="andreYtelser.kravOmAnnenStonad.beskrivelse"
          >
            dinSituasjon.andreYtelser.kravOmAnnenStonad.beskrivelse
          </label>
          <input
            aria-invalid="false"
            class="skjemaelement__input input--xxl"
            id="andreYtelser.kravOmAnnenStonad.beskrivelse"
            placeholder="dinSituasjon.andreYtelser.kravOmAnnenStonad.placeholder"
            type="text"
            value="Barnepensjon"
          />
        </div>
      </div>
      <div
        aria-live="polite"
      />
    </fieldset>
    <fieldset
      aria-invalid="false"
      class="skjemagruppe skjemagruppering"
    >
      <div
        id="andreYtelser.annenPensjon.svar"
      >
        <fieldset
          aria-invalid="false"
          class="skjemagruppe inputPanelGruppe inline"
        >
          <legend
            class="skjemagruppe__legend"
          >
            dinSituasjon.andreYtelser.annenPensjon.svar
          </legend>
          <div
            class="inputPanelGruppe__inner"
          >
            <label
              class="inputPanel radioPanel inputPanel--checked"
            >
              <input
                aria-checked="true"
                aria-invalid="false"
                checked=""
                class="inputPanel__field"
                name="andreYtelser.annenPensjon.svar"
                type="radio"
                value="Ja"
              />
              <span
                class="inputPanel__label"
              >
                Ja
              </span>
            </label>
            <label
              class="inputPanel radioPanel"
            >
              <input
                aria-checked="false"
                aria-invalid="false"
                class="inputPanel__field"
                name="andreYtelser.annenPensjon.svar"
                type="radio"
                value="Nei"
              />
              <span
                class="inputPanel__label"
              >
                Nei
              </span>
            </label>
          </div>
          <div
            aria-live="polite"
          />
        </fieldset>
      </div>
      <div>
        <div
          class="skjemaelement"
        >
          <label
            class="skjemaelement__label"
            for="andreYtelser.annenPensjon.beskrivelse"
          >
            dinSituasjon.andreYtelser.annenPensjon.beskrivelse
          </label>
          <input
            aria-invalid="false"
            class="skjemaelement__input input--xxl"
            id="andreYtelser.annenPensjon.beskrivelse"
            placeholder="dinSituasjon.andreYtelser.annenPensjon.placeholder"
            type="text"
            value="Skandia"
          />
        </div>
      </div>
      <div
        aria-live="polite"
      />
    </fieldset>
    <fieldset
      aria-invalid="false"
      class="skjemagruppe skjemagruppering"
    >
      <div
        id="andreYtelser.mottarPensjonUtland.svar"
      >
        <fieldset
          aria-invalid="false"
          class="skjemagruppe inputPanelGruppe inline"
        >
          <legend
            class="skjemagruppe__legend"
          >
            dinSituasjon.andreYtelser.mottarPensjonUtland.svar
          </legend>
          <div
            class="skjemagruppe__description"
          >
            <div
              class="hvorforPanel"
            >
              <button
                class="hvorforPanel__toggle"
                data-testid="hvorforPanel_toggle"
                type="button"
              >
                <span>
                  hvorforSpoerVi
                </span>
                <span>
                  <svg
                    fill="none"
                    height="1em"
                    viewBox="0 0 24 24"
                    width="1em"
                    xmlns="http://www.w3.org/2000/svg"
                  >
                    <path
                      clip-rule="evenodd"
                      d="M12 17L3 8.429 4.5 7l7.5 7.143L19.5 7 21 8.429 12 17z"
                      fill="currentColor"
                      fill-rule="evenodd"
                    />
                  </svg>
                </span>
              </button>
            </div>
          </div>
          <div
            class="inputPanelGruppe__inner"
          >
            <label
              class="inputPanel radioPanel inputPanel--checked"
            >
              <input
                aria-checked="true"
                aria-invalid="false"
                checked=""
                class="inputPanel__field"
                name="andreYtelser.mottarPensjonUtland.svar"
                type="radio"
                value="Ja"
              />
              <span
                class="inputPanel__label"
              >
                Ja
              </span>
            </label>
            <label
              class="inputPanel radioPanel"
            >
              <input
                aria-checked="false"
                aria-invalid="false"
                class="inputPanel__field"
                name="andreYtelser.mottarPensjonUtland.svar"
                type="radio"
                value="Nei"
              />
              <span
                class="inputPanel__label"
              >
                Nei
              </span>
            </label>
          </div>
          <div
            aria-live="polite"
          />
        </fieldset>
      </div>
      <div>
        <div
          class="skjemaelement"
        >
          <label
            class="skjemaelement__label"
            for="andreYtelser.mottarPensjonUtland.hvaSlagsPensjon"
          >
            dinSituasjon.andreYtelser.mottarPensjonUtland.hvaSlagsPensjon
          </label>
          <input
            aria-invalid="false"
            class="skjemaelement__input input--xxl"
            id="andreYtelser.mottarPensjonUtland.hvaSlagsPensjon"
            placeholder="dinSituasjon.andreYtelser.mottarPensjonUtland.hvaSlagsPensjonPlaceholder"
            type="text"
            value="Polsk Uførepensjon"
          />
        </div>
      </div>
      <div>
        <div
          class="skjemaelement"
        >
          <label
            class="skjemaelement__label"
            for="andreYtelser.mottarPensjonUtland.fraHvilketLand"
          >
            dinSituasjon.andreYtelser.mottarPensjonUtland.fraHvilketLand
          </label>
          <input
            aria-invalid="false"
            class="skjemaelement__input input--l"
            id="andreYtelser.mottarPensjonUtland.fraHvilketLand"
            type="text"
            value="Polen"
          />
        </div>
      </div>
      <div>
        <div
          class="skjemaelement"
        >
          <label
            class="skjemaelement__label"
            for="andreYtelser.mottarPensjonUtland.bruttobeloepPrAar"
          >
            dinSituasjon.andreYtelser.mottarPensjonUtland.bruttobeloepPrAar
          </label>
          <input
            aria-invalid="false"
            class="skjemaelement__input input--l"
            id="andreYtelser.mottarPensjonUtland.bruttobeloepPrAar"
            type="text"
            value="4000 PLN"
          />
        </div>
      </div>
      <div
        aria-live="polite"
      />
    </fieldset>
    <fieldset
      aria-invalid="false"
      class="skjemagruppe navigasjon-footer"
    >
      <div
        class="navigasjon-rad"
      >
        <button
          class="navds-button navds-button--primary navds-button--m navds-body-short"
          type="button"
        >
          knapp.tilbake
        </button>
        <button
          class="navds-button navds-button--action navds-button--m navds-body-short"
          type="button"
        >
          knapp.neste
        </button>
      </div>
      <div
        aria-live="polite"
      />
    </fieldset>
    <fieldset
      aria-invalid="false"
      class="skjemagruppe navigasjon-rad"
    >
      <button
        class="navds-button navds-button--secondary navds-button--m navds-body-short"
        type="button"
      >
        knapp.avbryt
      </button>
      <div
        aria-live="polite"
      />
    </fieldset>
  </form>
</div>
`;
