// Jest Snapshot v1, https://goo.gl/fbAQLP

exports[`Om den avd√∏de Snapshot 1`] = `
<div>
  <fieldset
    aria-invalid="false"
    class="skjemagruppe center"
  >
    <h1
      class="navds-title navds-title--m"
    >
      omDenAvdoede.tittel
    </h1>
    <div
      aria-live="polite"
    />
  </fieldset>
  <form>
    <fieldset
      aria-invalid="false"
      class="skjemagruppe skjemagruppering"
    >
      <fieldset
        aria-invalid="false"
        class="skjemagruppe rad"
      >
        <div
          class="kolonne"
        >
          <p
            class="navds-label"
          >
            omDenAvdoede.fornavn
          </p>
          <p
            class="navds-body-long"
          />
        </div>
        <div
          class="kolonne"
        >
          <p
            class="navds-label"
          >
            omDenAvdoede.etternavn
          </p>
          <p
            class="navds-body-long"
          />
        </div>
        <div
          aria-live="polite"
        />
      </fieldset>
      <fieldset
        aria-invalid="false"
        class="skjemagruppe rad"
      >
        <div
          class="skjemaelement kol-50"
        >
          <label
            class="skjemaelement__label"
            for="foedselsnummer"
          >
            omDenAvdoede.foedselsnummer
          </label>
          <input
            aria-invalid="false"
            class="skjemaelement__input input--fullbredde"
            id="foedselsnummer"
            placeholder="felles.fnrPlaceholder"
            type="text"
            value=""
          />
        </div>
        <div
          class="kol-50"
        >
          <div
            class="skjemaelement"
          >
            <label
              class="skjemaelement__label"
              for="statsborgerskap"
            >
              omDenAvdoede.statsborgerskap
            </label>
            <input
              aria-invalid="false"
              class="skjemaelement__input input--fullbredde"
              id="statsborgerskap"
              placeholder="omDenAvdoede.statsborgerskapPlaceholder"
              type="text"
              value=""
            />
          </div>
        </div>
        <div
          aria-live="polite"
        />
      </fieldset>
      <div
        aria-live="polite"
      />
    </fieldset>
    <fieldset
      aria-invalid="false"
      class="skjemagruppe ingress"
    >
      <h1
        class="navds-title navds-title--s"
      >
        omDenAvdoede.boddEllerJobbetUtland.tittel
      </h1>
      <p
        class="navds-body-long"
      >
        omDenAvdoede.boddEllerJobbetUtland.ingress
      </p>
      <div
        aria-live="polite"
      />
    </fieldset>
    <div
      id="boddEllerJobbetUtland.svar"
    >
      <fieldset
        aria-invalid="false"
        class="skjemagruppe inputPanelGruppe inline"
      >
        <legend
          class="skjemagruppe__legend"
        >
          omDenAvdoede.boddEllerJobbetUtland.svar
        </legend>
        <div
          class="inputPanelGruppe__inner"
        >
          <label
            class="inputPanel radioPanel"
          >
            <input
              aria-checked="false"
              aria-invalid="false"
              class="inputPanel__field"
              name="boddEllerJobbetUtland.svar"
              type="radio"
              value="Ja"
            />
            <span
              class="inputPanel__label"
            >
              Ja
            </span>
          </label>
          <label
            class="inputPanel radioPanel"
          >
            <input
              aria-checked="false"
              aria-invalid="false"
              class="inputPanel__field"
              name="boddEllerJobbetUtland.svar"
              type="radio"
              value="Nei"
            />
            <span
              class="inputPanel__label"
            >
              Nei
            </span>
          </label>
          <label
            class="inputPanel radioPanel"
          >
            <input
              aria-checked="false"
              aria-invalid="false"
              class="inputPanel__field"
              name="boddEllerJobbetUtland.svar"
              type="radio"
              value="Vet ikke"
            />
            <span
              class="inputPanel__label"
            >
              Vet ikke
            </span>
          </label>
        </div>
        <div
          aria-live="polite"
        />
      </fieldset>
    </div>
    <fieldset
      aria-invalid="false"
      class="skjemagruppe skjemagruppering"
    >
      <fieldset
        aria-invalid="false"
        class="skjemagruppe ingress"
      >
        <h1
          class="navds-title navds-title--s"
        >
          omDenAvdoede.selvstendigNaeringsdrivende.tittel
        </h1>
        <p
          class="navds-body-long"
        >
          omDenAvdoede.selvstendigNaeringsdrivende.ingress
        </p>
        <div
          aria-live="polite"
        />
      </fieldset>
      <div
        id="selvstendigNaeringsdrivende.svar"
      >
        <fieldset
          aria-invalid="false"
          class="skjemagruppe inputPanelGruppe inline"
        >
          <legend
            class="skjemagruppe__legend"
          >
            omDenAvdoede.selvstendigNaeringsdrivende.svar
          </legend>
          <div
            class="inputPanelGruppe__inner"
          >
            <label
              class="inputPanel radioPanel"
            >
              <input
                aria-checked="false"
                aria-invalid="false"
                class="inputPanel__field"
                name="selvstendigNaeringsdrivende.svar"
                type="radio"
                value="Ja"
              />
              <span
                class="inputPanel__label"
              >
                Ja
              </span>
            </label>
            <label
              class="inputPanel radioPanel"
            >
              <input
                aria-checked="false"
                aria-invalid="false"
                class="inputPanel__field"
                name="selvstendigNaeringsdrivende.svar"
                type="radio"
                value="Nei"
              />
              <span
                class="inputPanel__label"
              >
                Nei
              </span>
            </label>
            <label
              class="inputPanel radioPanel"
            >
              <input
                aria-checked="false"
                aria-invalid="false"
                class="inputPanel__field"
                name="selvstendigNaeringsdrivende.svar"
                type="radio"
                value="Vet ikke"
              />
              <span
                class="inputPanel__label"
              >
                Vet ikke
              </span>
            </label>
          </div>
          <div
            aria-live="polite"
          />
        </fieldset>
      </div>
      <div
        id="haddePensjonsgivendeInntekt.svar"
      >
        <fieldset
          aria-invalid="false"
          class="skjemagruppe inputPanelGruppe inline"
        >
          <legend
            class="skjemagruppe__legend"
          >
            omDenAvdoede.haddePensjonsgivendeInntekt.svar
          </legend>
          <div
            class="inputPanelGruppe__inner"
          >
            <label
              class="inputPanel radioPanel"
            >
              <input
                aria-checked="false"
                aria-invalid="false"
                class="inputPanel__field"
                name="haddePensjonsgivendeInntekt.svar"
                type="radio"
                value="Ja"
              />
              <span
                class="inputPanel__label"
              >
                Ja
              </span>
            </label>
            <label
              class="inputPanel radioPanel"
            >
              <input
                aria-checked="false"
                aria-invalid="false"
                class="inputPanel__field"
                name="haddePensjonsgivendeInntekt.svar"
                type="radio"
                value="Nei"
              />
              <span
                class="inputPanel__label"
              >
                Nei
              </span>
            </label>
          </div>
          <div
            aria-live="polite"
          />
        </fieldset>
      </div>
      <div
        aria-live="polite"
      />
    </fieldset>
    <fieldset
      aria-invalid="false"
      class="skjemagruppe skjemagruppering"
    >
      <fieldset
        aria-invalid="false"
        class="skjemagruppe ingress"
      >
        <h1
          class="navds-title navds-title--s"
        >
          omDenAvdoede.annenOpptjening.tittel
        </h1>
        <div
          aria-live="polite"
        />
      </fieldset>
      <div
        id="harAvtjentMilitaerTjeneste.svar"
      >
        <fieldset
          aria-invalid="false"
          class="skjemagruppe inputPanelGruppe inline"
        >
          <legend
            class="skjemagruppe__legend"
          >
            omDenAvdoede.harAvtjentMilitaerTjeneste.svar
          </legend>
          <div
            class="skjemagruppe__description"
          >
            <div
              class="hvorforPanel"
            >
              <button
                class="hvorforPanel__toggle"
                data-testid="hvorforPanel_toggle"
                type="button"
              >
                <span>
                  hvorforSpoerVi
                </span>
                <span>
                  <svg
                    fill="none"
                    height="1em"
                    viewBox="0 0 24 24"
                    width="1em"
                    xmlns="http://www.w3.org/2000/svg"
                  >
                    <path
                      clip-rule="evenodd"
                      d="M12 17L3 8.429 4.5 7l7.5 7.143L19.5 7 21 8.429 12 17z"
                      fill="currentColor"
                      fill-rule="evenodd"
                    />
                  </svg>
                </span>
              </button>
            </div>
          </div>
          <div
            class="inputPanelGruppe__inner"
          >
            <label
              class="inputPanel radioPanel"
            >
              <input
                aria-checked="false"
                aria-invalid="false"
                class="inputPanel__field"
                name="harAvtjentMilitaerTjeneste.svar"
                type="radio"
                value="Ja"
              />
              <span
                class="inputPanel__label"
              >
                Ja
              </span>
            </label>
            <label
              class="inputPanel radioPanel"
            >
              <input
                aria-checked="false"
                aria-invalid="false"
                class="inputPanel__field"
                name="harAvtjentMilitaerTjeneste.svar"
                type="radio"
                value="Nei"
              />
              <span
                class="inputPanel__label"
              >
                Nei
              </span>
            </label>
            <label
              class="inputPanel radioPanel"
            >
              <input
                aria-checked="false"
                aria-invalid="false"
                class="inputPanel__field"
                name="harAvtjentMilitaerTjeneste.svar"
                type="radio"
                value="Vet ikke"
              />
              <span
                class="inputPanel__label"
              >
                Vet ikke
              </span>
            </label>
          </div>
          <div
            aria-live="polite"
          />
        </fieldset>
      </div>
      <div
        aria-live="polite"
      />
    </fieldset>
    <fieldset
      aria-invalid="false"
      class="skjemagruppe navigasjon-footer"
    >
      <div
        class="navigasjon-rad"
      >
        <button
          class="navds-button navds-button--primary navds-button--m navds-body-short"
          type="button"
        >
          knapp.tilbake
        </button>
        <button
          class="navds-button navds-button--action navds-button--m navds-body-short"
          type="button"
        >
          knapp.neste
        </button>
      </div>
      <div
        aria-live="polite"
      />
    </fieldset>
    <fieldset
      aria-invalid="false"
      class="skjemagruppe navigasjon-rad"
    >
      <button
        class="navds-button navds-button--secondary navds-button--m navds-body-short"
        type="button"
      >
        knapp.avbryt
      </button>
      <div
        aria-live="polite"
      />
    </fieldset>
  </form>
</div>
`;
